error[E0038]: the trait `Bar` cannot be made into an object
  --> $DIR/object-safety-associated-consts.rs:14:5
   |
LL |     t
   |     ^ the trait `Bar` cannot be made into an object
   |
   = note: the trait cannot contain associated consts like `X`
   = note: required when trying to coerce from type `&T` to type '&dyn Bar`

error: aborting due to previous error

For more information about this error, try `rustc --explain E0038`.
